// Jest Snapshot v1, https://goo.gl/fbAQLP

exports[`constants should match TRACING snapshot 1`] = `
Object {
  "ALTERNATE_HOLDINGS": "Get Alternates Holdings",
  "BUY_MUTUAL_FUND_CART": "Buy Mutual Fund Cart",
  "BUY_RECOMMENDED_MUTUAL_FUND": "Buy Recommended Mutual Fund",
  "BUY_SINGLE_LUMPSUM": "Buy single mutual fund with lumpsum",
  "BUY_SINGLE_LUMPSUM_PLUS_SIP": "Buy single mutual fund with sip and lumpsum",
  "BUY_SINGLE_SIP": "Buy single mutual fund with sip",
  "DEMAT_CRM_DETAILS": "Demat CRM Details",
  "DEMAT_DIS_DETAILS": "Demat DIS Details",
  "DEMAT_TERMS_AND_CONDITIONS": "Get terms and condition for demat journey",
  "DEMAT_TERMS_AND_CONDITIONS_1": "Get terms and condition for Demat Schedule of Charges",
  "DEMAT_TERMS_AND_CONDITIONS_2": "Get terms and condition for Demat Rights and Obligations of Beneficial Owner and Depository Participant as prescribed by SEBI and Depositories",
  "DOWNLOAD_SGB_CERT": "Download SGB Certificate",
  "EDIT_SIP": "Edit Existing SIP",
  "FETCH_BANK_INV_ACCOUNT": "Get Bank & Investment accounts",
  "FULL_FUND_REDEEM": "MF Full Redeem",
  "FULL_FUND_SWITCH": "Full switch MF",
  "GET_BANK_ACCOUNTS": "Get Bank accounts",
  "GET_COMPUTED_DATA_FOR_GOAL_CATEGORY_DETAILS": "Get computed data for Goal Category details",
  "GET_COMPUTED_FUTURE_VALUE": "Get computed future value for goal recommendatio",
  "GET_CURRENT_AVAILABLE_IPO_LIST": "Get Current Available IPO List",
  "GET_CUSTOMER_CURRENT_ASSETS": "Get Customer Holding Current Assets",
  "GET_CUSTOMER_HOLDINGS": "Get Mutual Fund Holdings",
  "GET_CUSTOMER_SIGNATURE": "Get customer signature",
  "GET_DEFAULT_POLICY_TERM": "Get default policy term based on customer age",
  "GET_DEMAT": "Get Demat Details",
  "GET_DEMAT_ACCOUNT_DEBITS": "Get demat account debits",
  "GET_DEMAT_ACCOUNT_DETAILS": "Get Demat Account Details",
  "GET_DEMAT_ENTRY_POINT_DETAILS": "Get Demat Entry Point Details",
  "GET_DEMAT_NSDL_REDIRECTION_DETAILS": "Get Demat NSDL Redirection Details",
  "GET_DEMAT_SINGUP_LINK": "Get Demat Signup Link",
  "GET_FATCA_COUNTRIES": "Get FATCA Countries",
  "GET_FATCA_MASTER": "Get FATCA Master",
  "GET_FATCA_TNC": "Get FATCA TNC",
  "GET_FUND_HOLDING_PATTER": "Get Fund Holding pattern",
  "GET_FUND_PERFORMANCE": "Get Fund Performance",
  "GET_GOAL_CATEGORY": "Get Goal Categories",
  "GET_GOAL_CATEGORY_DETAILS": "Get Goal Category details",
  "GET_GOAL_INVESTMENT_DETAILS": "Get investment details of a goal",
  "GET_HEALTH_INSURANCE_COVER_AMOUNT": "Get Health Insurance Cover Amount",
  "GET_HEALTH_INSURANCE_STATIC_DATA": "Get Health Insurance Static Data",
  "GET_INSURANCE_CATEGORIES": "Get insurance categories",
  "GET_INSURANCE_CATEGORIES_AEM": "Get insurance categories AEM data",
  "GET_INSURANCE_REDIRECTION_URL": "Get insurance redirection url",
  "GET_INSURANCE_SUB_CATEGORIES_AEM": "Get insurance sub categories AEM data",
  "GET_INSURANCE_SUMMARY": "Get summary for insurance dashboard",
  "GET_INVESTMENT_ACCOUNTS": "Get Investment accounts",
  "GET_ISEC_ACCESS_DETAILS": "Get Isec Access Details",
  "GET_ISEC_DETAILS": "Get ICICI Securities details",
  "GET_ISEC_OTP_DETAILS": "Get ICICI Securities send otp details",
  "GET_ISEC_RESEND_OTP_DETAILS": "Get ICICI Securities resend otp details",
  "GET_KYC_DETAILS": "Get KYC details",
  "GET_MF_PORTFOLIOGRAPH": "Get Mutual Fund Portfoliograph",
  "GET_MF_REPORT_FIN_YEARS": "Get Mutual fund report financial years",
  "GET_MF_SELLABLE_QUANTITY": "Get mutual fund sellable quantity",
  "GET_MF_SUB_ASSET_CLASSES_STATIC_DATA": "Get Mutual Fund Sub Asset Classes Static Data",
  "GET_MF_TRANSACTIONS": "Get Mutual Fund Transactions",
  "GET_MONTHLY_SAVINGS": "Get monthly savings",
  "GET_MUTUAL_FUNDS": "Get Mutual Funds",
  "GET_MUTUAL_FUND_AMC": "Get Mutual Fund AMCs",
  "GET_MUTUAL_FUND_ASSETS": "Get Mutual Fund Asset class filters",
  "GET_MUTUAL_FUND_MAX_AMOUNT_CONFIG": "Get Mutual Fund Maximum Amount configuration",
  "GET_NEW_FUND_OFFERS": "Get new fund offers",
  "GET_PIS_ACCOUNTS_DEATILS": "Get PIS Accounts Details",
  "GET_RBI_SECURITIES": "Get RBI Securities Content",
  "GET_RECOMMENDATION_CONFIG": "Get Recommendation Config",
  "GET_RISK_PROFILE": "Get Risk Profile",
  "GET_RISK_PROFILE_CATEGORIES": "Get Risk Profile Categories",
  "GET_RISK_PROFILE_DETAILS_FOR_GOALS": "Get Customer Risk Profile and Categories",
  "GET_RISK_PROFILE_QUESTIONS": "Get Risk Profile Questions",
  "GET_SCHEME_DETAILS": "Get Scheme Details",
  "GET_SCHEME_RISK_PROFILE": "Get Scheme Riks Profile",
  "GET_SELECTED_AVAILABLE_IPO_LIST": "Get Selected Available IPO List",
  "GET_SGB_BUY_DETAILS": "Get account,demat Details to buy SGB",
  "GET_SGB_TRANSACTION": "Get SGB Transactions",
  "GET_SYS_PLANS": "Get systematic plan",
  "GET_TERM_CONFIG": "Get Term Insurance Config",
  "GET_TERM_PLAN_QUOTE": "Get quote for term plan from each vendor",
  "GET_TRANSACTION_DETAIL": "Get MF Transaction details",
  "GET_USER_DETAILS": "Get User Details",
  "GET_ZERODHA_ACCESS_DETAILS": "Get zerodha access details",
  "GET_ZERODHA_ACCOUNT_LIST": "Get Zerodha Account List",
  "GET_ZERODHA_ACTIVE": "Get Zerodha Active Status",
  "GET_ZRODHA_OTP_DETAILS": "Get zerodha send otp details",
  "GET_ZRODHA_RESEND_OTP_DETAILS": "Get zerodha resend otp details",
  "GOAL_BUY": "Buy Goals",
  "GOAL_RECOMMENDED_FUND": "Goal Recommended funds",
  "GOAL_TRACKING": "Get goal tracking list",
  "HOLDING_ASSET_ALLOCATION": "Get Asset allocation",
  "HOLDING_PRODUCT_ALLOCATION": "Get Product allocation",
  "HOLDING_SUMMARY": "Get Holding Summary",
  "INVEST_INTO_IPO": "IPO Place order",
  "IPO_APPLICANTS_INFO": "IPO Applicants info",
  "IPO_CREATE_APPLICANTS": "IPO Create Applicant",
  "IPO_DOWNLOAD_PDF": "IPO Download Pdf",
  "IPO_MODIFY_IPO": "IPO Modify IPO",
  "IPO_SEND_EMAIL": "IPO Send Email",
  "LOAD_WEALTH_DASHBOARD": "Load Wealth Dashboard",
  "MF_SWITCH_REDEEM_SIGNATURE_CHECK": "MF Switch/Redeem signature check",
  "PARTIAL_FUND_REDEEM": "MF Partial Redeem",
  "PARTIAL_FUND_SWITCH": "Partial switch MF",
  "PAUSE_SIP": "Pause Existing SIP",
  "PIS_CAPITAL_GAIN_SEND_EMAIL": "PIS capital gain send email",
  "PIS_HOLDING_STATEMENT_SEND_EMAIL": "PIS holding statement send email",
  "PIS_PERMISSION_LETTER_SEND_EMAIL": "PIS permission letter send email",
  "PLACE_SGB_ORDER": "Buy Sovereign Gold Bond",
  "POST_FATCA_TNC": "Post FATCA TNC",
  "RESUME_SIP": "Resume SIP",
  "SGB_ACTIVE_TRANCH": "Get SGB Active Tranch",
  "SHARE_SGB_CERT": "Share SGB Certificate",
  "STOP_STP": "Stop STP",
  "STOP_SWP": "Stop SWP",
  "SUBMIT_FATCA": "Submit FATCA",
  "SUBMIT_PAN_NUMBER": "Submit Pan Number",
  "SUBMIT_RISK_PROFILE": "Submit Risk Profile",
  "SYS_FUND_REDEEM": "MF Systematic Redeem",
  "SYS_FUND_SWITCH": "Start STP",
  "TERMS_AND_CONDITIONS": "Get terms and condition for wealth journy",
  "UPLOAD_PAN": "Upload PAN Card",
  "WITHDRAW_IPO": "Withdraw IPO",
}
`;
